entry: var params, 2 locals, 0 temps
fn: var params, 1 locals, 0 temps
[ ] -> 0
[ 1 ] -> 1
[ 1, 2 ] -> 2
[ 1, 2, 3 ] -> 3
[ 1 ] -> 1
[ 1, 2 ] -> 2
[ 1, 2, 3 ] -> 3
[ 1, 2, 3 ] -> 3
[ 1, 2, 3, 4 ] -> 4
[ 1, 2, 3, 4, 5 ] -> 5
