callcc1.l1:2: warning: variable defined but not referenced: z
entry: var params, 1 locals, 0 temps
L4: 0 params, 2 locals, 0 temps
L10: 1 params, 0 locals, 0 temps
2
