entry: var params, 2 locals, 0 temps
0
1
1
1

0
2
2
1

0
0
0
0

0
1
1
1

0
2
2
1

0
0
0
0

0
1
1
1

0
2
2
1

0
0
0
0

<nil>
0
3
1

<nil>
0
4
1

<nil>
<nil>
<nil>
<nil>

<nil>
0
3
1

<nil>
0
4
1

<nil>
<nil>
<nil>
<nil>

<nil>
0
3
1

<nil>
0
4
1

<nil>
<nil>
<nil>
<nil>

[ 2, 3, 4, 3, 4 ]
[ 2, 3, 4, 3, 4 ]
[ 2, 3, 4, 3, 4 ]
[ 2, 3, 4, 3, 4 ]
1
1
0
0
1
