entry: 0 params, 0 locals, 0 temps
L3: 1 params, 0 locals, 0 temps
L6: 1 params, 0 locals, 0 temps
L10: 2 params, 0 locals, 0 temps
<cval 14>
<cval 18>
