entry: var params, 1 locals, 0 temps
r: 1 params, 0 locals, 0 temps
w: 1 params, 0 locals, 0 temps
c: 0 params, 0 locals, 0 temps
writing 4 bytes to stdout
hi!
closing stdout!
