entry: var params, 2 locals, 0 temps
L11: 1 params, 0 locals, 0 temps
