entry: var params, 2 locals, 0 temps
mkpi: 1 params, 7 locals, 0 temps
L52: 1 params, 0 locals, 0 temps
4.000000
3.041840
3.131593
3.140593
3.141499
