entry: var params, 2 locals, 0 temps
consume1: 1 params, 1 locals, 0 temps
guardian is empty
guardian returned [ 1, 2, 3 ]
guardian returned "abc"
guardian returned "abc"
guardian is empty
