123456789abcdefghijklmnopqrstuvwxyz
3132333435363738396162636465666768696a6b6c6d6e6f707172737475767778797a
123456789abcdefghijklmnopqrstuvwxyz
1
