In main
in lib1
Running f1 from lib1
In lib2: Running f1 from lib1
Finished lib2
Running f1 from lib2
Running f4 from lib2
Running f2 from lib1
finished with lib1
Running f1 from lib1
Running f1 from lib2
Running f4 from lib2
Running f2 from lib1
