entry: 0 params, 0 locals, 0 temps
length: 1000
length: 2000
x == y -> 1
