entry: var params, 4 locals, 0 temps
L12: 0 params, 0 locals, 0 temps
L20: 1 params, 0 locals, 0 temps
0
1
2
3
4
5
6
7
8
9
