entry: var params, 1 locals, 0 temps
1
2
3
4
10101 0
5
10101 0
