entry: var params, 5 locals, 0 temps
got it (2,4)
