entry: var params, 1 locals, 0 temps
L5: 0 params, 0 locals, 0 temps
