profile.l1:86: warning: unused label: foo
simple cases...
return inside profile body...
return inside block...
return inside if...
return inside if block...
break inside...
Should be here
break inside loop...
Should be here
continue inside...
Should be here
continue inside loop...
Should be here
return after label...
goto to inside...
Should be here
goto to outside...
Should be here
each should have one call
profiles:
label: calls location expansions
"haslabel": 1 vector( profile.l1, 5 )
"break_inside": 1 vector( profile.l1, 43 )
"return_inside_if_block": 1 vector( profile.l1, 36 )
"continue_inside": 1 vector( profile.l1, 65 )
"return_after_label": 1 vector( profile.l1, 87 )
"return_inside_if": 1 vector( profile.l1, 29 )
"profile.l1:6": 1 vector( profile.l1, 6 )
"return": 1 vector( profile.l1, 11 )
"continue_inside_loop": 1 vector( profile.l1, 79 )
"goto_to_outside": 1 vector( profile.l1, 102 )
"return_inside_block": 1 vector( profile.l1, 21 )
"profile.l1:125": 0 vector( profile.l1, 125 )
"break_inside_loop": 1 vector( profile.l1, 55 )
"goto_to_inside": 1 vector( profile.l1, 93 )
===================================================
             profile site       time (us)     calls
---------------------------------------------------
             break_inside               2         1
        break_inside_loop               2         1
          continue_inside               2         1
     continue_inside_loop               2         1
           goto_to_inside               3         1
          goto_to_outside               2         1
                 haslabel               3         1
           profile.l1:125              22        20
             profile.l1:6               3         1
                   return               2         1
       return_after_label               2         1
      return_inside_block               1         1
         return_inside_if               2         1
   return_inside_if_block               2         1
===================================================
