entry: var params, 2 locals, 0 temps
a: var params, 1 locals, 0 temps
b: var params, 1 locals, 0 temps
<nil>
<nil>
