scope4.l1:3: warning: assignment to unbound variable: fool
okay
