entry: var params, 8 locals, 0 temps
mkzas: 1 params, 3 locals, 0 temps
dispatch: var params, 7 locals, 0 temps
put 0 1
put 1 2
put 2 3
put 3 4
(null)
