entry: var params, 1 locals, 0 temps
"abc"
"ade"
"abe"
"abc"
"def"
