matched id bar
matched id foo
matched some other id (other)
match val bar
match val foo
matched some other val (other)
