entry: var params, 2 locals, 0 temps
L40: 1 params, 0 locals, 0 temps
1024
1024
1048576
1048576
1073741824
1073741824
1099511627776
1099511627776
1048576
1048576
1073741824
1073741824
1099511627776
1099511627776
1125899906842624
1125899906842624
