entry: var params, 2 locals, 0 temps
case 1 or 4
case 2
case 1 or 4
case 2
