entry: var params, 1 locals, 0 temps
L4: 0 params, 0 locals, 0 temps
L10: 0 params, 3 locals, 0 temps
