entry: var params, 1 locals, 0 temps
L5: 3 params, 0 locals, 0 temps
L11: 3 params, 0 locals, 0 temps
L17: 3 params, 0 locals, 0 temps
L23: 1 params, 0 locals, 0 temps
<cval 3>
<cval 2>
<cval 1>
<cval 4>
