entry: var params, 1 locals, 0 temps
f: 3 params, 2 locals, 0 temps
g: 0 params, 1 locals, 0 temps
3 3 3 3
