entry: var params, 1 locals, 0 temps
L5: 1 params, 1 locals, 0 temps
L18: var params, 2 locals, 0 temps
5
1
2
3
4
5
