entry: 0 params, 0 locals, 0 temps
<cval 5>
halted (ac = <nil>)
